[sedecordlegame.org/index.html]
[backblue.gif]
[fade.gif]
[index.html]
[sedecordlegame.org/assets/img/favicon.png]
[sedecordlegame.org/assets/css/main.min330b.css]
[sedecordlegame.org/assets/css/sedecordlegame57d6.css]
[sedecordlegame.org/assets/img/sedecordle-game.png]
[sedecordlegame.org/apple-touch-icon.png]
[sedecordlegame.org/favicon-32x32.png]
[sedecordlegame.org/favicon-16x16.png]
[sedecordlegame.org/safari-pinned-tab.svg]
[pagead2.googlesyndication.com/pagead/js/fdcb4.txt]
[platform-api.sharethis.com/js/sharethis.js]
[sedecordlegame.org/assets/img/squares-play1b26.gif]
[sedecordlegame.org/assets/img/combinations-play1b26.png]
[sedecordlegame.org/assets/img/wordlegame-play1b26.png]
[sedecordlegame.org/assets/img/strands-play30f4.png]
[sedecordlegame.org/assets/img/dordlewordle-play30f4.png]
[sedecordlegame.org/assets/img/quordlewordle-play30f4.png]
[sedecordlegame.org/assets/img/octordlewordle-play30f4.png]
[sedecordlegame.org/assets/img/connections-play1b26.png]
[sedecordlegame.org/assets/img/spellingbee-play30f4.png]
[sedecordlegame.org/assets/img/phrazle-play30f4.png]
[sedecordlegame.org/assets/img/wordsearch-play4b6d.png]
[sedecordlegame.org/assets/img/crosswordle-play7b30.png]
[sedecordlegame.org/assets/img/weaver-play30f4.png]
[sedecordlegame.org/assets/img/waffle-play30f4.png]
[sedecordlegame.org/assets/img/globle-play30f4.png]
[sedecordlegame.org/assets/img/worldle-play30f4.png]
[sedecordlegame.org/assets/img/numberle-play30f4.png]
[sedecordlegame.org/assets/img/sudoku-play43a0.png]
[sedecordlegame.org/assets/img/solitaire-play7b30.png]
[sedecordlegame.org/assets/img/mahjong-play5ed3.png]
[sedecordlegame.org/4-letter-sedecordle.html]
[sedecordlegame.org/5-letter-sedecordle.html]
[sedecordlegame.org/6-letter-sedecordle.html]
[sedecordlegame.org/assets/img/sedecordle.png]
[sedecordlegame.org/assets/img/logo330b.svg]
[sedecordlegame.org/privacy-policy.html]
[sedecordlegame.org/assets/js/libs.min330b.js]
[sedecordlegame.org/assets/js/main.min330b.js]
[sedecordlegame.org/assets/js/animate.min330b.js]
[sedecordlegame.org/assets/js/html2canvas.min.js]
[sedecordlegame.org/assets/js/sedecordlegame330b.js]
[sedecordlegame.org/index.html]
[sedecordlegame.org/assets/img/favicon.html]
[sedecordlegame.org/assets/js/FileSaver.min.js]
[sedecordlegame.org/assets/css/main.min330b.css]
[sedecordlegame.org/assets/img/stars.svg]
[sedecordlegame.org/assets/img/logo.svg]
[sedecordlegame.org/assets/css/sedecordlegame57d6.css]
[sedecordlegame.org/site.html]
[sedecordlegame.org/safari-pinned-tab.svg]
[sedecordlegame.org/assets/img/logo-dark.svg]
[sedecordlegame.org/4-letter-sedecordle.html]
[sedecordlegame.org/assets/css/sedecordlegameacbe.css]
[sedecordlegame.org/5-letter-sedecordle.html]
[sedecordlegame.org/assets/css/sedecordlegamebfc6.css]
[sedecordlegame.org/6-letter-sedecordle.html]
[sedecordlegame.org/assets/img/logo330b.svg]
[sedecordlegame.org/assets/css/sedecordlegameb480.css]
[sedecordlegame.org/privacy-policy.html]
[sedecordlegame.org/assets/img/stars.svg]
[sedecordlegame.org/assets/img/logo.svg]
[sedecordlegame.org/assets/img/logo-dark.svg]
[sedecordlegame.org/assets/css/sedecordlegameacbe.css]
[sedecordlegame.org/assets/css/sedecordlegamebfc6.css]
[sedecordlegame.org/assets/css/sedecordlegameb480.css]
[sedecordlegame.org/assets/css/sedecordlegame8aa0.css]
[sedecordlegame.org/assets/css/sedecordlegame8aa0.css]
